
                                 *****************
                                 * O   R   C   A *
                                 *****************

                                            #,                                       
                                            ###                                      
                                            ####                                     
                                            #####                                    
                                            ######                                   
                                           ########,                                 
                                     ,,################,,,,,                         
                               ,,#################################,,                 
                          ,,##########################################,,             
                       ,#########################################, ''#####,          
                    ,#############################################,,   '####,        
                  ,##################################################,,,,####,       
                ,###########''''           ''''###############################       
              ,#####''   ,,,,##########,,,,          '''####'''          '####       
            ,##' ,,,,###########################,,,                        '##       
           ' ,,###''''                  '''############,,,                           
         ,,##''                                '''############,,,,        ,,,,,,###''
      ,#''                                            '''#######################'''  
     '                                                          ''''####''''         
             ,#######,   #######,   ,#######,      ##                                
            ,#'     '#,  ##    ##  ,#'     '#,    #''#        ,####,   ,####,        
            ##       ##  ##   ,#'  ##            #'  '#       #'       #'  '#        
            ##       ##  #######   ##           ,######,      #####,   #    #        
            '#,     ,#'  ##    ##  '#,     ,#' ,#      #,     #,   #   #,  ,#        
             '#######'   ##     ##  '#######'  #'      '#     '####' # '####'        



                #########################################################
                #                        -***-                          #
                #          Department of theory and spectroscopy        #
                #                                                       #
                #                      Frank Neese                      #
                #                                                       #
                #     Directorship, Architecture, Infrastructure        #
                #                    SHARK, DRIVERS                     #
                #        Core code/Algorithms in most modules           #
                #                                                       #
                #        Max Planck Institute fuer Kohlenforschung      #
                #                Kaiser Wilhelm Platz 1                 #
                #                 D-45470 Muelheim/Ruhr                 #
                #                      Germany                          #
                #                                                       #
                #                  All rights reserved                  #
                #                        -***-                          #
                #########################################################


                         Program Version 6.0.0  -   RELEASE   -


 With contributions from (in alphabetic order):
   Daniel Aravena         : Magnetic Suceptibility
   Michael Atanasov       : Ab Initio Ligand Field Theory (pilot matlab implementation)
   Alexander A. Auer      : GIAO ZORA, VPT2 properties, NMR spectrum
   Ute Becker             : All parallelization in ORCA, NUMFREQ, NUMCALC
   Giovanni Bistoni       : ED, misc. LED, open-shell LED, HFLD
   Martin Brehm           : Molecular dynamics
   Dmytro Bykov           : pre 5.0 version of the SCF Hessian
   Marcos Casanova-PÃ¡ez   : Triplet and SCS-CIS(D). UHF-(DLPNO)-IP/EA/STEOM-CCSD. UHF-CVS-IP/STEOM-CCSD
   Vijay G. Chilkuri      : MRCI spin determinant printing, contributions to CSF-ICE
   Pauline Colinet        : FMM embedding
   Dipayan Datta          : RHF DLPNO-CCSD density
   Achintya Kumar Dutta   : EOM-CC, STEOM-CC
   Nicolas Foglia         : Exact transition moments, OPA infrastructure, MCD improvements
   Dmitry Ganyushin       : Spin-Orbit,Spin-Spin,Magnetic field MRCI
   Miquel Garcia          : C-PCM and meta-GGA Hessian, CCSD/C-PCM, Gaussian charge scheme
   Tiago L. C. Gouveia    : GS-ROHF, GS-ROCIS
   Yang Guo               : DLPNO-NEVPT2, F12-NEVPT2, CIM, IAO-localization
   Andreas Hansen         : Spin unrestricted coupled pair/coupled cluster methods
   Ingolf Harden          : AUTO-CI MPn and infrastructure 
   Benjamin Helmich-Paris : MC-RPA, TRAH-(SCF,CASSCF), AVAS, COSX integrals, SCF dyn. polar.
   Lee Huntington         : MR-EOM, pCC
   Robert Izsak           : Overlap fitted RIJCOSX, COSX-SCS-MP3, EOM
   Riya Kayal             : Wick's Theorem for AUTO-CI, AUTO-CI UHF-CCSDT
   Emily Kempfer          : AUTO-CI, RHF CISDT and CCSDT
   Christian Kollmar      : KDIIS, OOCD, Brueckner-CCSD(T), CCSD density, CASPT2, CASPT2-K, improved NEVPT2
   Axel Koslowski         : Symmetry handling
   Simone Kossmann        : Meta GGA functionals, TD-DFT gradient, OOMP2, (MP2 Hessian; deprecated post 5.0)
   Lucas Lang             : DCDCAS
   Marvin Lechner         : AUTO-CI (C++ implementation), FIC-MRCC
   Spencer Leger          : CASSCF response
   Dagmar Lenk            : GEPOL surface, SMD, ORCA-2-JSON
   Dimitrios Liakos       : Extrapolation schemes; Compound Job, initial MDCI parallelization
   Dimitrios Manganas     : Further ROCIS development; embedding schemes. LFT, Crystal Embedding
   Dimitrios Pantazis     : SARC Basis sets
   Anastasios Papadopoulos: AUTO-CI, single reference methods and gradients
   Taras Petrenko         : pre 6.0 DFT Hessian and TD-DFT gradient, (ASA, deprecated), ECA, 1-Electron XAS/XES, NRVS
   Peter Pinski           : DLPNO-MP2, DLPNO-MP2 Gradient
   Christoph Reimann      : Effective Core Potentials
   Marius Retegan         : Local ZFS, SOC
   Christoph Riplinger    : Optimizer, TS searches, QM/MM, DLPNO-CCSD(T), (RO)-DLPNO pert. Triples
   Michael Roemelt        : Original ROCIS implementation
   Masaaki Saitow         : Open-shell DLPNO-CCSD energy and density
   Barbara Sandhoefer     : DKH picture change effects
   Kantharuban Sivalingam : CASSCF convergence/infrastructure, NEVPT2 and variants, FIC-MRCI
   Bernardo de Souza      : ESD, SOC TD-DFT
   Georgi Stoychev        : AutoAux, RI-MP2 NMR, DLPNO-MP2 response, X2C
   Van Anh Tran           : RI-MP2 g-tensors
   Willem Van den Heuvel  : Paramagnetic NMR
   Zikuan Wang            : NOTCH, Electric field optimization 
   Frank Wennmohs         : Technical directorship and infrastructure
   Hang Xu                : AUTO-CI-Response properties 


 We gratefully acknowledge several colleagues who have allowed us to
 interface, adapt or use parts of their codes:
   Stefan Grimme, W. Hujo, H. Kruse, P. Pracht,  : VdW corrections, initial TS optimization,
                  C. Bannwarth, S. Ehlert,         DFT functionals, gCP, sTDA/sTD-DF
                  L. Wittmann, M. Mueller
   Ed Valeev, F. Pavosevic, A. Kumar             : LibInt (2-el integral package), F12 methods
   Garnet Chan, S. Sharma, J. Yang, R. Olivares  : DMRG
   Ulf Ekstrom                                   : XCFun DFT Library
   Mihaly Kallay                                 : mrcc  (arbitrary order and MRCC methods)
   Frank Weinhold                                : gennbo (NPA and NBO analysis)
   Simon Mueller                                 : openCOSMO-RS
   Christopher J. Cramer and Donald G. Truhlar   : smd solvation model
   Lars Goerigk                                  : TD-DFT with DH, B97 family of functionals
   V. Asgeirsson, H. Jonsson                     : NEB implementation
   FAccTs GmbH                                   : IRC, NEB, NEB-TS, DLPNO-Multilevel, CI-OPT
                                                   MM, QMMM, 2- and 3-layer-ONIOM, Crystal-QMMM,
                                                   LR-CPCM, SF, NACMEs, symmetry and pop. for TD-DFT,
                                                   nearIR, NL-DFT gradient (VV10), updates on ESD,
                                                   ML-optimized integration grids, MBIS, APM,
                                                   GOAT, DOCKER, SOLVATOR, interface openCOSMO-RS
   S Lehtola, MJT Oliveira, MAL Marques          : LibXC Library
   Liviu Ungur et al                             : ANISO software


 Your calculation uses the libint2 library for the computation of 2-el integrals
 For citations please refer to: http://libint.valeyev.net

 Your ORCA version has been built with support for libXC version: 6.2.2
 For citations please refer to: https://libxc.gitlab.io

 This ORCA versions uses:
   CBLAS   interface :  Fast vector & matrix operations
   LAPACKE interface :  Fast linear algebra routines
   Shared memory     :  Shared parallel matrices


NOTE: MaxCore=1000 MB was set to SCF,MP2,MDCI,CIPSI,MRCI and CIS
      => If you want to overwrite this, your respective input block should be placed after the MaxCore statement
================================================================================

----- Orbital basis set information -----
Your calculation utilizes the basis: def2-SVP
   F. Weigend and R. Ahlrichs, Phys. Chem. Chem. Phys. 7, 3297 (2005).

================================================================================
                                        WARNINGS
                       Please study these warnings very carefully!
================================================================================

WARNING: Old DensityContainer found on disk!
         Will remove this file - 
         If you want to keep old densities, please start your calculation with a different basename. 


================================================================================
                                       INPUT FILE
================================================================================
NAME = D:\hty\creat\code\github\pyORCA\Goble\..\Test\ORCA_cal\ORCA_structure\H2O_1\input.inp
|  1> ! HF DEF2-SVP
|  2> * xyz 0 1
|  3> O   0.0000   0.0000   0.0626
|  4> H  -0.7920   0.0000  -0.4973
|  5> H   0.7920   0.0000  -0.4973
|  6> *
|  7> % pal nprocs 20 end
|  8> % maxcore 1000
|  9> 
| 10>                          ****END OF INPUT****
================================================================================

                       ****************************
                       * Single Point Calculation *
                       ****************************

---------------------------------
CARTESIAN COORDINATES (ANGSTROEM)
---------------------------------
  O      0.000000    0.000000    0.062600
  H     -0.792000    0.000000   -0.497300
  H      0.792000    0.000000   -0.497300

----------------------------
CARTESIAN COORDINATES (A.U.)
----------------------------
  NO LB      ZA    FRAG     MASS         X           Y           Z
   0 O     8.0000    0    15.999    0.000000    0.000000    0.118297
   1 H     1.0000    0     1.008   -1.496663    0.000000   -0.939761
   2 H     1.0000    0     1.008    1.496663    0.000000   -0.939761

--------------------------------
INTERNAL COORDINATES (ANGSTROEM)
--------------------------------
 O      0   0   0     0.000000000000     0.00000000     0.00000000
 H      1   0   0     0.969923713495     0.00000000     0.00000000
 H      1   2   0     0.969923713495   109.48362320     0.00000000

---------------------------
INTERNAL COORDINATES (A.U.)
---------------------------
 O      0   0   0     0.000000000000     0.00000000     0.00000000
 H      1   0   0     1.832890189302     0.00000000     0.00000000
 H      1   2   0     1.832890189302   109.48362320     0.00000000

---------------------
BASIS SET INFORMATION
---------------------
There are 2 groups of distinct atoms

 Group   1 Type O   : 7s4p1d contracted to 3s2p1d pattern {511/31/1}
 Group   2 Type H   : 4s1p contracted to 2s1p pattern {31/1}

Atom   0O    basis set group =>   1
Atom   1H    basis set group =>   2
Atom   2H    basis set group =>   2

Checking for AutoStart:
The File: D:\hty\creat\code\github\pyORCA\Goble\..\Test\ORCA_cal\ORCA_structure\H2O_1\input.gbw exists
Trying to determine its content:
     ... Fine, the file contains calculation information
     ... Fine, the calculation information was read
     ... Fine, the file contains a basis set
     ... Fine, the basis set was read
     ... Fine, the file contains a geometry
     ... Fine, the geometry was read
     ... Fine, the file contains a set of orbitals
     ... Fine, the orbitals can be read
     => possible old guess file was deleted
     => GBW file was renamed to GES file
     => GES file is set as startup file
     => Guess is set to MORead
     ... now leaving AutoStart



           ************************************************************
           *        Program running with 20 parallel MPI-processes    *
           *              working on a common directory               *
           ************************************************************
------------------------------------------------------------------------------
                             ORCA STARTUP CALCULATIONS
------------------------------------------------------------------------------
------------------------------------------------------------------------------
                   ___                                                        
                  /   \      - P O W E R E D   B Y -                         
                 /     \                                                     
                 |  |  |   _    _      __       _____    __    __             
                 |  |  |  | |  | |    /  \     |  _  \  |  |  /  |          
                  \  \/   | |  | |   /    \    | | | |  |  | /  /          
                 / \  \   | |__| |  /  /\  \   | |_| |  |  |/  /          
                |  |  |   |  __  | /  /__\  \  |    /   |      \           
                |  |  |   | |  | | |   __   |  |    \   |  |\   \          
                \     /   | |  | | |  |  |  |  | |\  \  |  | \   \       
                 \___/    |_|  |_| |__|  |__|  |_| \__\ |__|  \__/        
                                                                              
                      - O R C A' S   B I G   F R I E N D -                    
                                      &                                       
                       - I N T E G R A L  F E E D E R -                       
                                                                              
 v1 FN, 2020, v2 2021, v3 2022-2024                                           
------------------------------------------------------------------------------


----------------------
SHARK INTEGRAL PACKAGE
----------------------

Number of atoms                             ...      3
Number of basis functions                   ...     24
Number of shells                            ...     12
Maximum angular momentum                    ...      2
Integral batch strategy                     ... SHARK/LIBINT Hybrid
RI-J (if used) integral strategy            ... SPLIT-RIJ (Revised 2003 algorithm where possible)
Printlevel                                  ...      1
Contraction scheme used                     ... SEGMENTED contraction
Prescreening option                         ... SCHWARTZ
   Thresh                                   ... 1.000e-10
   Tcut                                     ... 1.000e-11
   Tpresel                                  ... 1.000e-11 
Coulomb Range Separation                    ... NOT USED
Exchange Range Separation                   ... NOT USED
Multipole approximations                    ... NOT USED
Finite Nucleus Model                        ... NOT USED
CABS basis                                  ... NOT available
Auxiliary Coulomb fitting basis             ... NOT available
Auxiliary J/K fitting basis                 ... NOT available
Auxiliary Correlation fitting basis         ... NOT available
Auxiliary 'external' fitting basis          ... NOT available

Checking pre-screening integrals            ... done (  0.0 sec) Dimension = 12
Check shell pair data                       ... done (  0.0 sec)
Shell pair information
Shell pair cut-off parameter TPreSel        ...   1.0e-11
Total number of shell pairs                 ...        78
Shell pairs after pre-screening             ...        78
Total number of primitive shell pairs       ...       272
Primitive shell pairs kept                  ...       263
          la=0 lb=0:     28 shell pairs
          la=1 lb=0:     28 shell pairs
          la=1 lb=1:     10 shell pairs
          la=2 lb=0:      7 shell pairs
          la=2 lb=1:      4 shell pairs
          la=2 lb=2:      1 shell pairs

Calculating one electron integrals          ... done (  0.0 sec)
Calculating Nuclear repulsion               ... done (  0.0 sec) ENN=      9.063459269773 Eh

Diagonalization of the overlap matrix:
Smallest eigenvalue                        ... 3.975e-02
Time for diagonalization                   ...    0.000 sec
Threshold for overlap eigenvalues          ... 1.000e-07
Number of eigenvalues below threshold      ... 0
Time for construction of square roots      ...    0.001 sec
Total time needed                          ...    0.005 sec

-------------------
DFT GRID GENERATION
-------------------

General Integration Accuracy     IntAcc      ... 4.388
Radial Grid Type                 RadialGrid  ... OptM3 with GC (2021)
Angular Grid (max. ang.)         AngularGrid ... 4 (Lebedev-302)
Angular grid pruning method      GridPruning ... 4 (adaptive)
Weight generation scheme         WeightScheme... mBecke (2022)
Basis function cutoff            BFCut       ... 1.0000e-10
Integration weight cutoff        WCut        ... 1.0000e-14
Partially contracted basis set               ... off
Rotationally invariant grid construction     ... off
Angular grids for H and He will be reduced by one unit

Total number of grid points                  ...    12750
Total number of batches                      ...      200
Average number of points per batch           ...       63
Average number of grid points per atom       ...     4250
Initializing property integral containers    ... done (  0.0 sec)

SHARK setup successfully completed in   0.1 seconds

Maximum memory used throughout the entire STARTUP-calculation: 6.7 MB


           ************************************************************
           *        Program running with 20 parallel MPI-processes    *
           *              working on a common directory               *
           ************************************************************
-------------------------------------------------------------------------------
                                 ORCA GUESS
                   Start orbitals & Density for SCF / CASSCF
-------------------------------------------------------------------------------

------------
SCF SETTINGS
------------
Hamiltonian:
 Ab initio Hamiltonian  Method          .... Hartree-Fock(GTOs)


General Settings:
 Integral files         IntName         .... D:\hty\creat\code\github\pyORCA\Goble\..\Test\ORCA_cal\ORCA_structure\H2O_1\input
 Hartree-Fock type      HFTyp           .... RHF
 Total Charge           Charge          ....    0
 Multiplicity           Mult            ....    1
 Number of Electrons    NEL             ....   10
 Basis Dimension        Dim             ....   24
 Nuclear Repulsion      ENuc            ....      9.0634592698 Eh

Convergence Acceleration:
 AO-DIIS                CNVDIIS         .... on
   Start iteration      DIISMaxIt       ....    12
   Startup error        DIISStart       ....  0.200000
   # of expansion vecs  DIISMaxEq       ....     5
   Bias factor          DIISBfac        ....   1.050
   Max. coefficient     DIISMaxC        ....  10.000
 MO-DIIS                CNVKDIIS        .... off
 Trust-Rad. Augm. Hess. CNVTRAH         .... auto
   Auto Start mean grad. ratio tolernc. ....  1.125000
   Auto Start start iteration           ....     1
   Auto Start num. interpolation iter.  ....    10
   Max. Number of Micro iterations      ....    24
   Max. Number of Macro iterations      .... Maxiter - #DIIS iter
   Number of Davidson start vectors     ....     2
   Converg. threshold    (grad. norm)   ....   5.000e-05
   Grad. Scal. Fac. for Micro threshold ....   0.100
   Minimum threshold for Micro iter.    ....   1.000e-02
   NR start threshold (gradient norm)   ....   1.000e-04
   Initial trust radius                 ....   0.400
   Minimum AH scaling param. (alpha)    ....   1.000
   Maximum AH scaling param. (alpha)    .... 1000.000
   Quad. conv. algorithm                .... NR
   White noise on init. David. guess    .... on
   Maximum white noise                  ....   0.010
   Pseudo random numbers                .... off
   Inactive MOs                         .... canonical
   Orbital update algorithm             .... Taylor
   Preconditioner                       .... Diag
   Full preconditioner red. dimension   ....   250
 SOSCF                  CNVSOSCF        .... on
   Start iteration      SOSCFMaxIt      ....   150
   Startup grad/error   SOSCFStart      ....  0.003300
   Hessian update       SOSCFHessUp     .... L-BFGS
 Level Shifting         CNVShift        .... on
   Level shift para.    LevelShift      ....    0.2500
   Turn off err/grad.   ShiftErr        ....    0.0010
 Zerner damping         CNVZerner       .... off
 Static damping         CNVDamp         .... on
   Fraction old density DampFac         ....    0.7000
   Max. Damping (<1)    DampMax         ....    0.9800
   Min. Damping (>=0)   DampMin         ....    0.0000
   Turn off err/grad.   DampErr         ....    0.1000

SCF Procedure:
 Maximum # iterations   MaxIter         ....   125
 SCF integral mode      SCFMode         .... Direct
   Integral package                     .... SHARK and LIBINT hybrid scheme
 Reset frequency        DirectResetFreq ....    20
 Integral Threshold     Thresh          ....  1.000e-10 Eh
 Primitive CutOff       TCut            ....  1.000e-11 Eh

Convergence Tolerance:
 Convergence Check Mode ConvCheckMode   .... Total+1el-Energy
 Convergence forced     ConvForced      .... 0
 Energy Change          TolE            ....  1.000e-06 Eh
 1-El. energy change                    ....  1.000e-03 Eh
 Orbital Gradient       TolG            ....  5.000e-05
 Orbital Rotation angle TolX            ....  5.000e-05
 DIIS Error             TolErr          ....  1.000e-06

---------------------
INITIAL GUESS: MOREAD
---------------------
Guess MOs are being read from file: D:\hty\creat\code\github\pyORCA\Goble\..\Test\ORCA_cal\ORCA_structure\H2O_1\input.ges
Input Geometry matches current geometry (good)
Input basis set matches current basis set (good)
Occupation numbers will be reassigned to an Aufbau configuration
MOs were renormalized
MOs were reorthogonalized (Cholesky)
                      ------------------
                      INITIAL GUESS DONE (   0.0 sec)
                      ------------------
             **** ENERGY FILE WAS UPDATED (D:\hty\creat\code\github\pyORCA\Goble\..\Test\ORCA_cal\ORCA_structure\H2O_1\input.en.tmp) ****
Finished Guess after   0.1 sec
Maximum memory used throughout the entire GUESS-calculation: 3.4 MB


           ************************************************************
           *        Program running with 20 parallel MPI-processes    *
           *              working on a common directory               *
           ************************************************************

-------------------------------------------------------------------------------------------
                                      ORCA LEAN-SCF
                              memory conserving SCF solver
-------------------------------------------------------------------------------------------

----------------------------------------D-I-I-S--------------------------------------------
Iteration    Energy (Eh)           Delta-E    RMSDP     MaxDP     DIISErr   Damp  Time(sec)
-------------------------------------------------------------------------------------------
               ***  Starting incremental Fock matrix formation  ***
                              *** Initializing SOSCF ***
---------------------------------------S-O-S-C-F--------------------------------------
Iteration    Energy (Eh)           Delta-E    RMSDP     MaxDP     MaxGrad    Time(sec)
--------------------------------------------------------------------------------------
    1    -75.9593403115793393     0.00e+00  4.05e-06  2.97e-05  4.30e-06     0.1
               *** Restarting incremental Fock matrix formation ***
    2    -75.9593403131501930    -1.57e-09  1.93e-06  1.59e-05  1.14e-05     0.1
                  *** Gradient check signals convergence ***

               *****************************************************
               *                     SUCCESS                       *
               *           SCF CONVERGED AFTER   2 CYCLES          *
               *****************************************************

             **** ENERGY FILE WAS UPDATED (D:\hty\creat\code\github\pyORCA\Goble\..\Test\ORCA_cal\ORCA_structure\H2O_1\input.en.tmp) ****

----------------
TOTAL SCF ENERGY
----------------

Total Energy       :        -75.95934031315019 Eh           -2066.95873 eV

Components:
Nuclear Repulsion  :          9.06345926977332 Eh             246.62927 eV
Electronic Energy  :        -85.02279958292351 Eh           -2313.58800 eV
One Electron Energy:       -122.82573437323983 Eh           -3342.25815 eV
Two Electron Energy:         37.80293479031631 Eh            1028.67015 eV

Virial components:
Potential Energy   :       -151.67626184288400 Eh           -4127.32091 eV
Kinetic Energy     :         75.71692152973381 Eh            2060.36218 eV
Virial Ratio       :          2.00320164605901

---------------
SCF CONVERGENCE
---------------

  Last Energy change         ...    1.5709e-09  Tolerance :   1.0000e-06
  Last MAX-Density change    ...    1.5945e-05  Tolerance :   1.0000e-05
  Last RMS-Density change    ...    1.9295e-06  Tolerance :   1.0000e-06
  Last DIIS Error            ...    4.3630e-05  Tolerance :   1.0000e-06
  Last Orbital Gradient      ...    1.1442e-05  Tolerance :   5.0000e-05
  Last Orbital Rotation      ...    6.5713e-06  Tolerance :   5.0000e-05


----------------
ORBITAL ENERGIES
----------------

  NO   OCC          E(Eh)            E(eV) 
   0   2.0000     -20.544872      -559.0544 
   1   2.0000      -1.308362       -35.6023 
   2   2.0000      -0.705602       -19.2004 
   3   2.0000      -0.555953       -15.1282 
   4   2.0000      -0.495143       -13.4735 
   5   0.0000       0.174993         4.7618 
   6   0.0000       0.253028         6.8852 
   7   0.0000       0.804601        21.8943 
   8   0.0000       0.833963        22.6933 
   9   0.0000       1.185303        32.2537 
  10   0.0000       1.203405        32.7463 
  11   0.0000       1.265967        34.4487 
  12   0.0000       1.332038        36.2466 
  13   0.0000       1.579825        42.9892 
  14   0.0000       1.728085        47.0236 
  15   0.0000       1.832009        49.8515 
*Only the first 10 virtual orbitals were printed.

                    ********************************
                    * MULLIKEN POPULATION ANALYSIS *
                    ********************************

-----------------------
MULLIKEN ATOMIC CHARGES
-----------------------
   0 O :   -0.376211
   1 H :    0.188106
   2 H :    0.188106
Sum of atomic charges:   -0.0000000

--------------------------------
MULLIKEN REDUCED ORBITAL CHARGES
--------------------------------
  0 O s       :     3.689071  s :     3.689071
      pz      :     1.565828  p :     4.676304
      px      :     1.147856
      py      :     1.962620
      dz2     :     0.001013  d :     0.010836
      dxz     :     0.007896
      dyz     :     0.000980
      dx2y2   :     0.000948
      dxy     :     0.000000

  1 H s       :     0.739109  s :     0.739109
      pz      :     0.021096  p :     0.072786
      px      :     0.033489
      py      :     0.018200

  2 H s       :     0.739109  s :     0.739109
      pz      :     0.021096  p :     0.072786
      px      :     0.033489
      py      :     0.018200



                     *******************************
                     * LOEWDIN POPULATION ANALYSIS *
                     *******************************

----------------------
LOEWDIN ATOMIC CHARGES
----------------------
   0 O :   -0.171816
   1 H :    0.085908
   2 H :    0.085908

-------------------------------
LOEWDIN REDUCED ORBITAL CHARGES
-------------------------------
  0 O s       :     3.426086  s :     3.426086
      pz      :     1.609612  p :     4.726003
      px      :     1.221230
      py      :     1.895161
      dz2     :     0.000401  d :     0.019728
      dxz     :     0.015394
      dyz     :     0.000279
      dx2y2   :     0.003654
      dxy     :     0.000000

  1 H s       :     0.735945  s :     0.735945
      pz      :     0.058130  p :     0.178146
      px      :     0.067736
      py      :     0.052280

  2 H s       :     0.735945  s :     0.735945
      pz      :     0.058130  p :     0.178146
      px      :     0.067736
      py      :     0.052280



                      *****************************
                      * MAYER POPULATION ANALYSIS *
                      *****************************

  NA   - Mulliken gross atomic population
  ZA   - Total nuclear charge
  QA   - Mulliken gross atomic charge
  VA   - Mayer's total valence
  BVA  - Mayer's bonded valence
  FA   - Mayer's free valence

  ATOM       NA         ZA         QA         VA         BVA        FA
  0 O      8.3762     8.0000    -0.3762     1.9755     1.9755    -0.0000
  1 H      0.8119     1.0000     0.1881     0.9955     0.9955    -0.0000
  2 H      0.8119     1.0000     0.1881     0.9955     0.9955    -0.0000

  Mayer bond orders larger than 0.100000
B(  0-O ,  1-H ) :   0.9878 B(  0-O ,  2-H ) :   0.9878 

-------
TIMINGS
-------

Total SCF time: 0 days 0 hours 0 min 0 sec 

Total time                  ....       0.274 sec
Sum of individual times     ....       0.246 sec  ( 89.8%)

SCF preparation             ....       0.046 sec  ( 16.8%)
Fock matrix formation       ....       0.050 sec  ( 18.2%)
  Startup                   ....       0.036 sec  ( 72.0% of F)
  Coulomb+Exchange Fock     ....       0.005 sec  ( 10.0% of F)
Diagonalization             ....       0.000 sec  (  0.0%)
Density matrix formation    ....       0.037 sec  ( 13.5%)
Total Energy calculation    ....       0.010 sec  (  3.6%)
Population analysis         ....       0.030 sec  ( 10.9%)
Orbital Transformation      ....       0.013 sec  (  4.7%)
Orbital Orthonormalization  ....       0.000 sec  (  0.0%)
DIIS solution               ....       0.016 sec  (  5.8%)
SOSCF solution              ....       0.044 sec  ( 16.1%)
Finished LeanSCF after   0.3 sec

Maximum memory used throughout the entire LEANSCF-calculation: 6.0 MB

-------------------------   --------------------
FINAL SINGLE POINT ENERGY       -75.959340313150
-------------------------   --------------------



           ************************************************************
           *        Program running with 20 parallel MPI-processes    *
           *              working on a common directory               *
           ************************************************************

------------------------------------------------------------------------------
                              ORCA PROPERTY CALCULATIONS
------------------------------------------------------------------------------

GBWName                                 ... D:\hty\creat\code\github\pyORCA\Goble\..\Test\ORCA_cal\ORCA_structure\H2O_1\input.gbw
Number of atoms                         ...      3
Number of basis functions               ...     24
Max core memory                         ...   1000 MB

Electric properties:
Dipole moment                           ... YES
Quadrupole moment                       ...  NO
Static polarizability (Dipole/Dipole)   ...  NO
Static polarizability (Dipole/Quad.)    ...  NO
Static polarizability (Quad./Quad.)     ...  NO
Static polarizability (Velocity)        ...  NO

Atomic electric properties:
Dipole moment                           ...  NO
Quadrupole moment                       ...  NO
Static polarizability                   ...  NO

Choice of electric origin               ... Center of mass
Position of electric origin             ...     0.000000     0.000000    -0.000107

General magnetic properties:
Magnetizability                         ...  NO

EPR properties:
g-Tensor (aka g-matrix)                 ...  NO
Zero-Field splitting spin-orbit         ...  NO
Zero-field splitting spin-spin          ...  NO
Hyperfine couplings                     ...  NO (   0 nuclei)
Quadrupole couplings                    ...  NO (   0 nuclei)
Contact density                         ...  NO (   0 nuclei)

NMR properties:
Chemical shifts                         ...  NO (   0 nuclei)
Spin-rotation constants                 ...  NO (   0 nuclei)
Spin-spin couplings                     ...  NO (   0 nuclei,    0 pairs)

Choice of magnetic origin               ... GIAO
Position of magnetic origin             ...     0.000000     0.000000     0.000000

Properties with geometric perturbations:
SCF Hessian                             ...  NO
IR spectrum                             ...  NO
VCD spectrum                            ...  NO
X-ray spectroscopy properties:
SCF XES/XAS/RIXS spectra                ...  NO


-------------
DIPOLE MOMENT
-------------

Method             : SCF
Type of density    : Electron Density
Multiplicity       :   1
Irrep              :   0
Energy             :   -75.9593403131501930 Eh
Relativity type    : 
Basis              : AO
                                X                 Y                 Z
Electronic contribution:      0.000000000      -0.000000000       0.119101248
Nuclear contribution   :      0.000000000       0.000000000      -0.932077441
                        -----------------------------------------
Total Dipole Moment    :      0.000000000      -0.000000000      -0.812976193
                        -----------------------------------------
Magnitude (a.u.)       :      0.812976193
Magnitude (Debye)      :      2.066421262



--------------------
Rotational spectrum 
--------------------
 
Rotational constants in cm-1:            30.034947            13.330794             9.232857 
Rotational constants in MHz :        900425.051220        399647.143338        276794.089602 

Dipole components along the rotational axes: 
x,y,z [a.u.] :     0.000000    -0.812976    -0.000000 
x,y,z [Debye]:     0.000000    -2.066421    -0.000000 

 

Dipole moment calculation done in   0.0 sec 

Maximum memory used throughout the entire PROP-calculation: 1.4 MB

--------------------------------
SUGGESTED CITATIONS FOR THIS RUN
--------------------------------

Below you find a list of papers that are relevant to this ORCA run
We neither can nor want to force you to cite these papers, but we appreciate if you do
You receive ORCA, which is the product of decades of hard work by many enthusiastic individuals, for free
The only thing we kindly ask in return is that you cite our papers,
We deeply appreciate it, if you show your appreciation for ORCA by not just citing the generic ORCA reference.

Please note that relegating all ORCA citations to the supporting information does *not* help us.
SI sections are not indexed - citations you put there will not count into any citation statistics
But we need these citations in order to attract the funding resources that allow us to do what we are doing

Therefore, if you are a happy ORCA user, please consider citing a few of the papers listed below in the main body of your paper

In addition to the list printed below, the program has created the file D:\hty\creat\code\github\pyORCA\Goble\..\Test\ORCA_cal\ORCA_structure\H2O_1\input.bibtex that contains the list in bibtex format
You can import this file easily into all common literature databanks and citation aid programs


List of essential papers. We consider these as the minimum necessary citations

  1. Neese,F.
     Software update: the ORCA program system, version 5.0
     WIRES Comput. Molec. Sci., 2022 12(1)e1606
     doi.org/10.1002/wcms.1606

List of papers to cite with high priority. The work reported in these papers was absolutely
necessary for this run to complete.
Our perspective: the developers of density functionals and basis sets usually get cited in chemistry papers
Good! But without the algorithms to do something with them, the functionals or basis sets would not do anything.
Hence, in our opinion, the algorithm design and method developments papers are equally worthy of getting cited

  1. Neese,F.
     The SHARK Integral Generation and Digestion System
     J. Comp. Chem., 2022  1-16
     doi.org/10.1002/jcc.26942

List of suggested additional citations. These are papers that are important in the 'surrounding' of 
of this run, or papers that preceded the highly important papers. If you like your results we are grateful for a citation.

  1. Neese,F.
     The ORCA program system
     WIRES Comput. Molec. Sci., 2012 2(1)73-78
     doi.org/10.1002/wcms.81
  2. Neese,F.
     Software update: the ORCA program system, version 4.0
     WIRES Comput. Molec. Sci., 2018 8(1)1-6
     doi.org/10.1002/wcms.1327
  3. Neese,F.; Wennmohs,F.; Becker,U.; Riplinger,C.
     The ORCA quantum chemistry program package
     J. Chem. Phys., 2020 152 Art. No. L224108
     doi.org/10.1063/5.0004608

List of optional additional citations

  1. Neese,F.
     Approximate second-order SCF convergence for spin unrestricted wavefunctions
     Chem. Phys. Lett., 2000 325(1-3)93-98
     doi.org/10.1016/s0009-2614(00)00662-x

Timings for individual modules:

Sum of individual times          ...        2.541 sec (=   0.042 min)
Startup calculation              ...        0.606 sec (=   0.010 min)  23.8 %
SCF iterations                   ...        1.387 sec (=   0.023 min)  54.6 %
Property calculations            ...        0.548 sec (=   0.009 min)  21.6 %
                             ****ORCA TERMINATED NORMALLY****
TOTAL RUN TIME: 0 days 0 hours 0 minutes 3 seconds 561 msec
